 [

 {
 
 "users": "Ravi",

        "name": "Ravi",

        "codekata": 15,

        "attendance": [

            {

                "date": "2020-10-15",

                "status": "P"

            },

            {

                "date": "2020-10-16",

                "status": "P"

            },

            {

                "date": "2020-10-17",

                "status": "P"

            },

            {

                "date": "2020-10-18",

                "status": "P"

            },

            {

                "date": "2020-10-19",

                "status": "P"

            },

            {

                "date": "2020-10-20",

                "status": "P"

            },

            {

                "date": "2020-10-21",

                "status": "A"

            },

            {

                "date": "2020-10-22",

                "status": "A"

            },

            {

                "date": "2020-10-23",

                "status": "A"

            },

            {

                "date": "2020-10-24",

                "status": "A"

            },

            {

                "date": "2020-10-25",

                "status": "A"

            }

        ],

        "topic": [

            {

                "date": "2020-10-15",

                "topic": "JS"

            },

            {

                "date": "2020-10-16",

                "topic": "CSS"

            },

            {

                "date": "2020-10-17",

                "topic": "HTML"

            },

            {

                "date": "2020-10-18",

                "topic": "REACT"

            },

            {

                "date": "2020-10-19",

                "topic": "JS"

            },

            {

                "date": "2020-10-20",

                "topic": "NODEJS"

            },

            {

                "date": "2020-10-21",

                "status": "SQL"

            },

            {

                "date": "2020-10-22",

                "topic": "MONGODB"

            },

            {

                "date": "2020-10-23",

                "topic": "AWS"

            },

            {

                "date": "2020-10-24",

                "topic": "DS"

            },

            {

                "date": "2020-10-25",

                "topic": "AL"

            }

        ],

        "task": [

            {

                "date": "2020-10-15",

                "task": true

            },

            {

                "date": "2020-10-16",

                "task": true

            },

            {

                "date": "2020-10-17",

                "task": true

            },

            {

                "date": "2020-10-18",

                "task": true

            },

            {

                "date": "2020-10-19",

                "task": true

            },

            {

                "date": "2020-10-20",

                "task": true

            },

            {

                "date": "2020-10-21",

                "task": true

            },

            {

                "date": "2020-10-22",

                "task": true

            },

            {

                "date": "2020-10-23",

                "task": true

            },

            {

                "date": "2020-10-24",

                "task": true

            },

            {

                "date": "2020-10-25",

                "task": true

            }

        ],

        "placement_drives": [

            {

                "date": "2020-10-01",

                "name": "zoho",

                "result": "Not-selected"

            },

            {

                "date": "2020-10-10",

                "name": "amazon",

                "result": "Not-selected"

            },

            {

                "date": "2020-10-17",

                "name": "flipkart",

                "result": "Selected"

            },

            {

                "date": "2020-10-18",

                "name": "paypal",

                "result": "Not-selected"

            },

            {

                "date": "2020-10-19",

                "name": "IBM",

                "result": "selected"

            },

            {

                "date": "2020-10-20",

                "name": "snapdeal",

                "result": "Not-selected"

            },

            {

                "date": "2020-10-21",

                "name": "power",

                "result": "Not-selected"

            },

            {

                "date": "2020-10-22",

                "name": "onesolution",

                "result": "Not-selected"

            },

            {

                "date": "2020-10-23",

                "name": "codingmart",

                "result": "selected"

            },

            {

                "date": "2020-10-24",

                "name": "CTS",

                "result": "Not-selected"

            },

            {

                "date": "2020-11-10",

                "name": "infosys",

                "result": "Not-selected"

            }

        ]

    },

    {

        "users": "saju",

        "name": "saju",

        "codekata": 50,

        "attendance": [

            {

                "date": "2020-10-15",

                "status": "P"

            },

            {

                "date": "2020-10-16",

                "status": "P"

            },

            {

                "date": "2020-10-17",

                "status": "P"

            },

            {

                "date": "2020-10-18",

                "status": "P"

            },

            {

                "date": "2020-10-19",

                "status": "P"

            },

            {

                "date": "2020-10-20",

                "status": "P"

            },

            {

                "date": "2020-10-21",

                "status": "P"

            },

            {

                "date": "2020-10-22",

                "status": "P"

            },

            {

                "date": "2020-10-23",

                "status": "P"

            },

            {

                "date": "2020-10-24",

                "status": "P"

            },

            {

                "date": "2020-10-25",

                "status": "P"

            }

        ],

        "topic": [

            {

                "date": "2020-10-15",

                "topic": "JS"

            },

            {

                "date": "2020-10-16",

                "topic": "CSS"

            },

            {

                "date": "2020-10-17",

                "topic": "HTML"

            },

            {

                "date": "2020-10-18",

                "topic": "REACT"

            },

            {

                "date": "2020-10-19",

                "topic": "JS"

            },

            {

                "date": "2020-10-20",

                "topic": "NODEJS"

            },

            {

                "date": "2020-10-21",

                "status": "SQL"

            },

            {

                "date": "2020-10-22",

                "topic": "MONGODB"

            },

            {

                "date": "2020-10-23",

                "topic": "AWS"

            },

            {

                "date": "2020-10-24",

                "topic": "DS"

            },

            {

                "date": "2020-10-25",

                "topic": "AL"

            }

        ],

        "task": [

            {

                "date": "2020-10-15",

                "task": true

            },

            {

                "date": "2020-10-16",

                "task": true

            },

            {

                "date": "2020-10-17",

                "task": true

            },

            {

                "date": "2020-10-18",

                "task": true

            },

            {

                "date": "2020-10-19",

                "task": true

            },

            {

                "date": "2020-10-20",

                "task": true

            },

            {

                "date": "2020-10-21",

                "task": true

            },

            {

                "date": "2020-10-22",

                "task": true

            },

            {

                "date": "2020-10-23",

                "task": true

            },

            {

                "date": "2020-10-24",

                "task": true

            },

            {

                "date": "2020-10-25",

                "task": true

            }

        ],

        "placement_drives": [

            {

                "date": "2020-10-01",

                "name": "zoho",

                "result": "Not-selected"

            },

            {

                "date": "2020-10-10",

                "name": "amazon",

                "result": "Not-selected"

            },

            {

                "date": "2020-10-17",

                "name": "flipkart",

                "result": "Not-Selected"

            },

            {

                "date": "2020-10-18",

                "name": "paypal",

                "result": "Not-selected"

            },

            {

                "date": "2020-10-19",

                "name": "IBM",

                "result": "Not-selected"

            },

            {

                "date": "2020-10-20",

                "name": "snapdeal",

                "result": "Not-selected"

            },

            {

                "date": "2020-10-21",

                "name": "power",

                "result": "Not-selected"

            },

            {

                "date": "2020-10-22",

                "name": "onesolution",

                "result": "Not-selected"

            },

            {

                "date": "2020-10-23",

                "name": "codingmart",

                "result": "Not-selected"

            },

            {

                "date": "2020-10-24",

                "name": "CTS",

                "result": "Not-selected"

            },

            {

                "date": "2020-11-10",

                "name": "infosys",

                "result": "Not-selected"

            }

        ]

    },

    {

        "users": "Raju",

        "name": "Raju",

        "codekata": 150,

        "attendance": [

            {

                "date": "2020-10-15",

                "status": "P"

            },

            {

                "date": "2020-10-16",

                "status": "P"

            },

            {

                "date": "2020-10-17",

                "status": "P"

            },

            {

                "date": "2020-10-18",

                "status": "P"

            },

            {

                "date": "2020-10-19",

                "status": "P"

            },

            {

                "date": "2020-10-20",

                "status": "P"

            },

            {

                "date": "2020-10-21",

                "status": "P"

            },

            {

                "date": "2020-10-22",

                "status": "P"

            },

            {

                "date": "2020-10-23",

                "status": "P"

            },

            {

                "date": "2020-10-24",

                "status": "P"

            },

            {

                "date": "2020-10-25",

                "status": "P"

            }

        ],

        "topic": [

            {

                "date": "2020-10-15",

                "topic": "JS"

            },

            {

                "date": "2020-10-16",

                "topic": "CSS"

            },

            {

                "date": "2020-10-17",

                "topic": "HTML"

            },

            {

                "date": "2020-10-18",

                "topic": "REACT"

            },

            {

                "date": "2020-10-19",

                "topic": "JS"

            },

            {

                "date": "2020-10-20",

                "topic": "NODEJS"

            },

            {

                "date": "2020-10-21",

                "status": "SQL"

            },

            {

                "date": "2020-10-22",

                "topic": "MONGODB"

            },

            {

                "date": "2020-10-23",

                "topic": "AWS"

            },

            {

                "date": "2020-10-24",

                "topic": "DS"

            },

            {

                "date": "2020-10-25",

                "topic": "AL"

            }

        ],

        "task": [

            {

                "date": "2020-10-15",

                "task": false

            },

            {

                "date": "2020-10-16",

                "task": false

            },

            {

                "date": "2020-10-17",

                "task": false

            },

            {

                "date": "2020-10-18",

                "task": false

            },

            {

                "date": "2020-10-19",

                "task": false

            },

            {

                "date": "2020-10-20",

                "task": false

            },

            {

                "date": "2020-10-21",

                "task": false

            },

            {

                "date": "2020-10-22",

                "task": false

            },

            {

                "date": "2020-10-23",

                "task": false

            },

            {

                "date": "2020-10-24",

                "task": false

            },

            {

                "date": "2020-10-25",

                "task": false

            }

        ],

        "placement_drives": [

            {

                "date": "2020-10-01",

                "name": "zoho",

                "result": "selected"

            },

            {

                "date": "2020-10-10",

                "name": "amazon",

                "result": "Not-selected"

            },

            {

                "date": "2020-10-17",

                "name": "flipkart",

                "result": "Selected"

            },

            {

                "date": "2020-10-18",

                "name": "paypal",

                "result": "selected"

            },

            {

                "date": "2020-10-19",

                "name": "IBM",

                "result": "Not-selected"

            },

            {

                "date": "2020-10-20",

                "name": "snapdeal",

                "result": "Not-selected"

            },

            {

                "date": "2020-10-21",

                "name": "power",

                "result": "Not-selected"

            },

            {

                "date": "2020-10-22",

                "name": "onesolution",

                "result": "selected"

            },

            {

                "date": "2020-10-23",

                "name": "codingmart",

                "result": "selected"

            },

            {

                "date": "2020-10-24",

                "name": "CTS",

                "result": "Not-selected"

            },

            {

                "date": "2020-11-10",

                "name": "infosys",

                "result": "selected"

            }

        ]

    }
  ]

  admin    80.00 KiB
config   72.00 KiB
db      184.00 KiB
dbdb      8.00 KiB
dbs     168.00 KiB
demo     96.00 KiB
dome     24.00 KiB
dp       40.00 KiB
local    80.00 KiB
test    232.00 KiB
test> use db local
switched to db db
db> db.zenclass
db.zenclass
db> show collections
createCollections
product
task
db> show dbs
admin    80.00 KiB
config   72.00 KiB
db      184.00 KiB
dbdb      8.00 KiB
dbs     168.00 KiB
demo     96.00 KiB
dome     24.00 KiB
dp       40.00 KiB
local    80.00 KiB
test    232.00 KiB
db> db.("zenclass")
Uncaught:
SyntaxError: Unexpected token (1:3)

> 1 | db.("zenclass")
    |    ^
  2 |

db> show collections
createCollections
product
task
db> db.createCollection("zenclass")
{ ok: 1 }
db> show collections
createCollections
product
task
zenclass
db> db.zenclass.insertMany(
... [{"users": "Ravi",
        "status": "P"
...
...         "name": "Ravi",
...
...         "codekata": 15,
...
...         "attendance": [
...
...             {
...
...                 "date": "2020-10-15",
...
...                 "status": "P"
...
...             },
...
...             {
...
...                 "date": "2020-10-16",
...
...
...             },
...
...             {
...
...                 "date": "2020-10-17",
...
...                 "status": "P"
...
...             },
...
...             {
...
...                 "date": "2020-10-18",
...
...                 "status": "P"
...
...             },
...
...             {
...
...                 "date": "2020-10-19",
...
...                 "status": "P"
...
...             },
...
...             {
...
...                 "date": "2020-10-20",
...
...                 "status": "P"
...
...             },
...
...             {
...
...                 "date": "2020-10-21",
...
...                 "status": "A"
...
...             },
...
...             {
...
...                 "date": "2020-10-22",
...
...                 "status": "A"
...
...             },
...
...             {
...
...                 "date": "2020-10-23",
...
...                 "status": "A"
...
...             },
...
...             {
...
...                 "date": "2020-10-24",
...
...                 "status": "A"
...
...             },
...
...             {
...
...                 "date": "2020-10-25",
...
...                 "status": "A"
...
...             }
...
...         ],
...
...         "topic": [
...
...             {
...
...                 "date": "2020-10-15",
...
...                 "topic": "JS"
...
...             },
...
...             {
...
...                 "date": "2020-10-16",
...
...                 "topic": "CSS"
...
...             },
...
...             {
...
...                 "date": "2020-10-17",
...
...                 "topic": "HTML"
...
...             },
...
...             {
...
...                 "date": "2020-10-18",
...
...                 "topic": "REACT"
...
...             },
...
...             {
...
...                 "date": "2020-10-19",
...
...                 "topic": "JS"
...
...             },
...
...             {
...
...                 "date": "2020-10-20",
...
...                 "topic": "NODEJS"
...
...             },
...
...             {
...
...                 "date": "2020-10-21",
...
...                 "status": "SQL"
...
...             },
...
...             {
...
...                 "date": "2020-10-22",
...
...                 "topic": "MONGODB"
...
...             },
...
...             {
...
...                 "date": "2020-10-23",
...
...                 "topic": "AWS"
...
...             },
...
...             {
...
...                 "date": "2020-10-24",
...
...                 "topic": "DS"
...
...             },
...
...             {
...
...                 "date": "2020-10-25",
...
...                 "topic": "AL"
...
...             }
...
...         ],
...
...         "task": [
...
...             {
...
...                 "date": "2020-10-15",
...
...                 "task": true
...
...             },
...
...             {
...
...                 "date": "2020-10-16",
...
...                 "task": true
...
...             },
...
...             {
...
...                 "date": "2020-10-17",
...
...                 "task": true
...
...             },
...
...             {
...
...                 "date": "2020-10-18",
...
...                 "task": true
...
...             },
...
...             {
...
...                 "date": "2020-10-19",
...
...                 "task": true
...
...             },
...
...             {
...
...                 "date": "2020-10-20",
...
...                 "task": true
...
...             },
...
...             {
...
...                 "date": "2020-10-21",
...
...                 "task": true
...
...             },
...
...             {
...
...                 "date": "2020-10-22",
...
...                 "task": true
...
...             },
...
...             {
...
...                 "date": "2020-10-23",
...
...                 "task": true
...
...             },
...
...             {
...
...                 "date": "2020-10-24",
...
...                 "task": true
...
...             },
...
...             {
...
...                 "date": "2020-10-25",
...
...                 "task": true
...
...             }
...
...         ],
...
...         "placement_drives": [
...
...             {
...
...                 "date": "2020-10-01",
...
...                 "name": "zoho",
...
...                 "result": "Not-selected"
...
...             },
...
...             {
...
...                 "date": "2020-10-10",
...
...                 "name": "amazon",
...
...                 "result": "Not-selected"
...
...             },
...
...             {
...
...                 "date": "2020-10-17",
...
...                 "name": "flipkart",
...
...                 "result": "Selected"
...
...             },
...
...             {
...
...                 "date": "2020-10-18",
...
...                 "name": "paypal",
...
...                 "result": "Not-selected"
...
...             },
...
...             {
...
...                 "date": "2020-10-19",
...
...                 "name": "IBM",
...
...                 "result": "selected"
...
...             },
...
...             {
...
...                 "date": "2020-10-20",
...
...                 "name": "snapdeal",
...
...                 "result": "Not-selected"
...
...             },
...
...             {
...
...                 "date": "2020-10-21",
...
...                 "name": "power",
...
...                 "result": "Not-selected"
...
...             },
...
...             {
...
...                 "date": "2020-10-22",
...
...                 "name": "onesolution",
...
...                 "result": "Not-selected"
...
...             },
...
...             {
...
...                 "date": "2020-10-23",
...
...                 "name": "codingmart",
...
...                 "result": "selected"
...
...             },
...
...             {
...
...                 "date": "2020-10-24",
...
...                 "name": "CTS",
...
...                 "result": "Not-selected"
...
...             },
...
...             {
...
...                 "date": "2020-11-10",
...
...                 "name": "infosys",
...
...                 "result": "Not-selected"
...
...             }
...
...         ]
...
...     },
...
...     {
...
...         "users": "saju",
...
...         "name": "saju",
...
...         "codekata": 50,
...
...         "attendance": [
...
...             {
...
...                 "date": "2020-10-15",
...
...                 "status": "P"
...
...             },
...
...             {
...
...                 "date": "2020-10-16",
...
...                 "status": "P"
...
...             },
...
...             {
...
...                 "date": "2020-10-17",
...
...                 "status": "P"
...
...             },
...
...             {
...
...                 "date": "2020-10-18",
...
...                 "status": "P"
...
...             },
...
...             {
...
...                 "date": "2020-10-19",
...
...                 "status": "P"
...
...             },
...
...             {
...
...                 "date": "2020-10-20",
...
...                 "status": "P"
...
...             },
...
...             {
...
...                 "date": "2020-10-21",
...
...                 "status": "P"
...
...             },
...
...             {
...
...                 "date": "2020-10-22",
...
...                 "status": "P"
...
...             },
...
...             {
...
...                 "date": "2020-10-23",
...
...                 "status": "P"
...
...             },
...
...             {
...
...                 "date": "2020-10-24",
...
...                 "status": "P"
...
...             },
...
...             {
...
...                 "date": "2020-10-25",
...
...                 "status": "P"
...
...             }
...
...         ],
...
...         "topic": [
...
...             {
...
...                 "date": "2020-10-15",
...
...                 "topic": "JS"
...
...             },
...
...             {
...
...                 "date": "2020-10-16",
...
...                 "topic": "CSS"
...
...             },
...
...             {
...
...                 "date": "2020-10-17",
...
...                 "topic": "HTML"
...
...             },
...
...             {
...
...                 "date": "2020-10-18",
...
...                 "topic": "REACT"
...
...             },
...
...             {
...
...                 "date": "2020-10-19",
...
...                 "topic": "JS"
...
...             },
...
...             {
...
...                 "date": "2020-10-20",
...
...                 "topic": "NODEJS"
...
...             },
...
...             {
...
...                 "date": "2020-10-21",
...
...                 "status": "SQL"
...
...             },
...
...             {
...
...                 "date": "2020-10-22",
...
...                 "topic": "MONGODB"
...
...             },
...
...             {
...
...                 "date": "2020-10-23",
...
...                 "topic": "AWS"
...
...             },
...
...             {
...
...                 "date": "2020-10-24",
...
...                 "topic": "DS"
...
...             },
...
...             {
...
...                 "date": "2020-10-25",
...
...                 "topic": "AL"
...
...             }
...
...         ],
...
...         "task": [
...
...             {
...
...                 "date": "2020-10-15",
...
...                 "task": true
...
...             },
...
...             {
...
...                 "date": "2020-10-16",
...
...                 "task": true
...
...             },
...
...             {
...
...                 "date": "2020-10-17",
...
...                 "task": true
...
...             },
...
...             {
...
...                 "date": "2020-10-18",
...
...                 "task": true
...
...             },
...
...             {
...
...                 "date": "2020-10-19",
...
...                 "task": true
...
...             },
...
...             {
...
...                 "date": "2020-10-20",
...
...                 "task": true
...
...             },
...
...             {
...
...                 "date": "2020-10-21",
...
...                 "task": true
...
...             },
...
...             {
...
...                 "date": "2020-10-22",
...
...                 "task": true
...
...             },
...
...             {
...
...                 "date": "2020-10-23",
...
...                 "task": true
...
...             },
...
...             {
...
...                 "date": "2020-10-24",
...
...                 "task": true
...
...             },
...
...             {
...
...                 "date": "2020-10-25",
...
...                 "task": true
...
...             }
...
...         ],
...
...         "placement_drives": [
...
...             {
...
...                 "date": "2020-10-01",
...
...                 "name": "zoho",
...
...                 "result": "Not-selected"
...
...             },
...
...             {
...
...                 "date": "2020-10-10",
...
...                 "name": "amazon",
...
...                 "result": "Not-selected"
...
...             },
...
...             {
...
...                 "date": "2020-10-17",
...
...                 "name": "flipkart",
...
...                 "result": "Not-Selected"
...
...             },
...
...             {
...
...                 "date": "2020-10-18",
...
...                 "name": "paypal",
...
...                 "result": "Not-selected"
...
...             },
...
...             {
...
...                 "date": "2020-10-19",
...
...                 "name": "IBM",
...
...                 "result": "Not-selected"
...
...             },
...
...             {
...
...                 "date": "2020-10-20",
...
...                 "name": "snapdeal",
...
...                 "result": "Not-selected"
...
...             },
...
...             {
...
...                 "date": "2020-10-21",
...
...                 "name": "power",
...
...                 "result": "Not-selected"
...
...             },
...
...             {
...
...                 "date": "2020-10-22",
...
...                 "name": "onesolution",
...
...                 "result": "Not-selected"
...
...             },
...
...             {
...
...                 "date": "2020-10-23",
...
...                 "name": "codingmart",
...
...                 "result": "Not-selected"
...
...             },
...
...             {
...
...                 "date": "2020-10-24",
...
...                 "name": "CTS",
...
...                 "result": "Not-selected"
...
...             },
...
...             {
...
...                 "date": "2020-11-10",
...
...                 "name": "infosys",
...
...                 "result": "Not-selected"
...
...             }
...
...         ]
...
...     },
...
...     {
...
...         "users": "Raju",
...
...         "name": "Raju",
...
...         "codekata": 150,
...
...         "attendance": [
...
...             {
...
...                 "date": "2020-10-15",
...
...                 "status": "P"
...
...             },
...
...             {
...
...                 "date": "2020-10-16",
...
...                 "status": "P"
...
...             },
...
...             {
...
...                 "date": "2020-10-17",
...
...                 "status": "P"
...
...             },
...
...             {
...
...                 "date": "2020-10-18",
...
...                 "status": "P"
...
...             },
...
...             {
...
...                 "date": "2020-10-19",
...
...                 "status": "P"
...
...             },
...
...             {
...
...                 "date": "2020-10-20",
...
...                 "status": "P"
...
...             },
...
...             {
...
...                 "date": "2020-10-21",
...
...                 "status": "P"
...
...             },
...
...             {
...
...                 "date": "2020-10-22",
...
...                 "status": "P"
...
...             },
...
...             {
...
...                 "date": "2020-10-23",
...
...                 "status": "P"
...
...             },
...
...             {
...
...                 "date": "2020-10-24",
...
...                 "status": "P"
...
...             },
...
...             {
...
...                 "date": "2020-10-25",
...
...                 "status": "P"
...
...             }
...
...         ],
...
...         "topic": [
...
...             {
...
...                 "date": "2020-10-15",
...
...                 "topic": "JS"
...
...             },
...
...             {
...
...                 "date": "2020-10-16",
...
...                 "topic": "CSS"
...
...             },
...
...             {
...
...                 "date": "2020-10-17",
...
...                 "topic": "HTML"
...
...             },
...
...             {
...
...                 "date": "2020-10-18",
...
...                 "topic": "REACT"
...
...             },
...
...             {
...
...                 "date": "2020-10-19",
...
...                 "topic": "JS"
...
...             },
...
...             {
...
...                 "date": "2020-10-20",
...
...                 "topic": "NODEJS"
...
...             },
...
...             {
...
...                 "date": "2020-10-21",
...
...                 "status": "SQL"
...
...             },
...
...             {
...
...                 "date": "2020-10-22",
...
...                 "topic": "MONGODB"
...
...             },
...
...             {
...
...                 "date": "2020-10-23",
...
...                 "topic": "AWS"
...
...             },
...
...             {
...
...                 "date": "2020-10-24",
...
...                 "topic": "DS"
...
...             },
...
...             {
...
...                 "date": "2020-10-25",
...
...                 "topic": "AL"
...
...             }
...
...         ],
...
...         "task": [
...
...             {
...
...                 "date": "2020-10-15",
...
...                 "task": false
...
...             },
...
...             {
...
...                 "date": "2020-10-16",
...
...                 "task": false
...
...             },
...
...             {
...
...                 "date": "2020-10-17",
...
...                 "task": false
...
...             },
...
...             {
...
...                 "date": "2020-10-18",
...
...                 "task": false
...
...             },
...
...             {
...
...                 "date": "2020-10-19",
...
...                 "task": false
...
...             },
...
...             {
...
...                 "date": "2020-10-20",
...
...                 "task": false
...
...             },
...
...             {
...
...                 "date": "2020-10-21",
...
...                 "task": false
...
...             },
...
...             {
...
...                 "date": "2020-10-22",
...
...                 "task": false
...
...             },
...
...             {
...
...                 "date": "2020-10-23",
...
...                 "task": false
...
...             },
...
...             {
...
...                 "date": "2020-10-24",
...
...                 "task": false
...
...             },
...
...             {
...
...                 "date": "2020-10-25",
...
...                 "task": false
...
...             }
...
...         ],
...
...         "placement_drives": [
...
...             {
...
...                 "date": "2020-10-01",
...
...                 "name": "zoho",
...
...                 "result": "selected"
...
...             },
...
...             {
...
...                 "date": "2020-10-10",
...
...                 "name": "amazon",
...
...                 "result": "Not-selected"
...
...             },
...
...             {
...
...                 "date": "2020-10-17",
...
...                 "name": "flipkart",
...
...                 "result": "Selected"
...
...             },
...
...             {
...
...                 "date": "2020-10-18",
...
...                 "name": "paypal",
...
...                 "result": "selected"
...
...             },
...
...             {
...
...                 "date": "2020-10-19",
...
...                 "name": "IBM",
...
...                 "result": "Not-selected"
...
...             },
...
...             {
...
...                 "date": "2020-10-20",
...
...                 "name": "snapdeal",
...
...                 "result": "Not-selected"
...
...             },
...
...             {
...
...                 "date": "2020-10-21",
...
...                 "name": "power",
...
...                 "result": "Not-selected"
...
...             },
...
...             {
...
...                 "date": "2020-10-22",
...
...                 "name": "onesolution",
...
...                 "result": "selected"
...
...             },
...
...             {
...
...                 "date": "2020-10-23",
...
...                 "name": "codingmart",
...
...                 "result": "selected"
...
...             },
...
...             {
...
...                 "date": "2020-10-24",
...
...                 "name": "CTS",
...
...                 "result": "Not-selected"
...
...             },
...
...             {
...
...                 "date": "2020-11-10",
...
...                 "name": "infosys",
...
...                 "result": "selected"
...
...             }
...
...         ]
...
...     }
...   ]
... )

...
... )
{
  acknowledged: true,
  insertedIds: {
    '0': ObjectId("65abed621d1decb00c0f6e52"),
    '1': ObjectId("65abed621d1decb00c0f6e53"),
    '2': ObjectId("65abed621d1decb00c0f6e54")
  }
}


db>1, db.zenclass.find({users : "Raju"},{topic : 1,task : 1}).pretty();
[
  {
    _id: ObjectId("65abed621d1decb00c0f6e54"),
    topic: [
      { date: '2020-10-15', topic: 'JS' },
      { date: '2020-10-16', topic: 'CSS' },
      { date: '2020-10-17', topic: 'HTML' },
      { date: '2020-10-18', topic: 'REACT' },
      { date: '2020-10-19', topic: 'JS' },
      { date: '2020-10-20', topic: 'NODEJS' },
      { date: '2020-10-21', status: 'SQL' },
      { date: '2020-10-22', topic: 'MONGODB' },
      { date: '2020-10-23', topic: 'AWS' },
      { date: '2020-10-24', topic: 'DS' },
      { date: '2020-10-25', topic: 'AL' }
    ],
    task: [
      { date: '2020-10-15', task: false },
      { date: '2020-10-16', task: false },
      { date: '2020-10-17', task: false },
      { date: '2020-10-18', task: false },
      { date: '2020-10-19', task: false },
      { date: '2020-10-20', task: false },
      { date: '2020-10-21', task: false },
      { date: '2020-10-22', task: false },
      { date: '2020-10-23', task: false },
      { date: '2020-10-24', task: false },
      { date: '2020-10-25', task: false }
    ]
  }
]

2,db. zenclass.find({ users: "Raju" },{ attendance: 0, topic: 0, task: 0, users: 0, codekata: 0 }).pretty()
[
  {
    _id: ObjectId("65abed621d1decb00c0f6e54"),
    name: 'Raju',
    placement_drives: [
      { date: '2020-10-01', name: 'zoho', result: 'selected' },
      { date: '2020-10-10', name: 'amazon', result: 'Not-selected' },
      { date: '2020-10-17', name: 'flipkart', result: 'Selected' },
      { date: '2020-10-18', name: 'paypal', result: 'selected' },
      { date: '2020-10-19', name: 'IBM', result: 'Not-selected' },
      { date: '2020-10-20', name: 'snapdeal', result: 'Not-selected' },
      { date: '2020-10-21', name: 'power', result: 'Not-selected' },
      { date: '2020-10-22', name: 'onesolution', result: 'selected' },
      { date: '2020-10-23', name: 'codingmart', result: 'selected' },
      { date: '2020-10-24', name: 'CTS', result: 'Not-selected' },
      { date: '2020-11-10', name: 'infosys', result: 'selected' }
    ]
  }
]

3,db.zenclass.find({users : "Ravi"},{placement_drives : 1}).pretty(); 

[
  {
    _id: ObjectId("65abed621d1decb00c0f6e52"),
    placement_drives: [
      { date: '2020-10-01', name: 'zoho', result: 'Not-selected' },
      { date: '2020-10-10', name: 'amazon', result: 'Not-selected' },
      { date: '2020-10-17', name: 'flipkart', result: 'Selected' },
      { date: '2020-10-18', name: 'paypal', result: 'Not-selected' },
      { date: '2020-10-19', name: 'IBM', result: 'selected' },
      { date: '2020-10-20', name: 'snapdeal', result: 'Not-selected' },
      { date: '2020-10-21', name: 'power', result: 'Not-selected' },
      {
        date: '2020-10-22',
        name: 'onesolution',
        result: 'Not-selected'
      },
      { date: '2020-10-23', name: 'codingmart', result: 'selected' },
      { date: '2020-10-24', name: 'CTS', result: 'Not-selected' },
      { date: '2020-11-10', name: 'infosys', result: 'Not-selected' }
    ]
  }
]
4,db> db.zenclass.find({users : "saju"},{codekata : 1}).pretty();
[ { _id: ObjectId("65abed621d1decb00c0f6e53"), codekata: 50 } ]

6,db.zenclass.find({users : "Ravi"},{attendance :{ $elemMatch : {status : "A"}}},{task : { $eq : { task : "false" }}}).pretty();
[
  {
    _id: ObjectId("65abed621d1decb00c0f6e52"),
    attendance: [ { date: '2020-10-21', status: 'A' } ]
  }
]
